\unset ECHO
1..46
ok 1 - My pass() passed, w00t!
ok 2 - Testing fail()
ok 3 - We should get the proper output from fail()
ok 4 - The output of finish() should reflect the test failure
ok 5 - We should have one failure
ok 6 - We should now have no failures
ok 7 - diag() should work properly
ok 8 - multiline diag() should work properly
ok 9 - multiline diag() should work properly with existing comments
ok 10 - diag(int)
ok 11 - diag(numeric)
ok 12 - diag(timestamptz)
ok 13 - variadic text
ok 14 - variadic int
ok 15 - variadic unknown
ok 16 - no_plan() should have stored a plan of 0
ok 17 - Set the plan to 4000
ok 18 - The output of finish() should reflect a high test plan
ok 19 - Set the plan to 4
ok 20 - The output of finish() should reflect a low test plan
ok 21 - Reset the plan
ok 22 - plan() should have stored the test count
ok 23 - ok(true) should pass
ok 24 - ok(true) should have the proper description
ok 25 - ok(true) should have the proper diagnostics
ok 26 - ok(true, '') should pass
ok 27 - ok(true, '') should have the proper description
ok 28 - ok(true, '') should have the proper diagnostics
ok 29 - ok(true, 'foo') should pass
ok 30 - ok(true, 'foo') should have the proper description
ok 31 - ok(true, 'foo') should have the proper diagnostics
ok 32 - ok(false) should fail
ok 33 - ok(false) should have the proper description
ok 34 - ok(false) should have the proper diagnostics
ok 35 - ok(false, '') should fail
ok 36 - ok(false, '') should have the proper description
ok 37 - ok(false, '') should have the proper diagnostics
ok 38 - ok(false, 'foo') should fail
ok 39 - ok(false, 'foo') should have the proper description
ok 40 - ok(false, 'foo') should have the proper diagnostics
ok 41 - ok(NULL, 'null') should fail
ok 42 - ok(NULL, 'null') should have the proper description
ok 43 - ok(NULL, 'null') should have the proper diagnostics
ok 44 - multiline desc should pass
ok 45 - multiline desc should have the proper description
ok 46 - multiline desc should have the proper diagnostics
