\unset ECHO
1..384
ok 1 - db_owner_is(db, user, desc) should pass
ok 2 - db_owner_is(db, user, desc) should have the proper description
ok 3 - db_owner_is(db, user, desc) should have the proper diagnostics
ok 4 - db_owner_is(db, user) should pass
ok 5 - db_owner_is(db, user) should have the proper description
ok 6 - db_owner_is(db, user) should have the proper diagnostics
ok 7 - db_owner_is(non-db, user) should fail
ok 8 - db_owner_is(non-db, user) should have the proper description
ok 9 - db_owner_is(non-db, user) should have the proper diagnostics
ok 10 - db_owner_is(db, non-user) should fail
ok 11 - db_owner_is(db, non-user) should have the proper description
ok 12 - db_owner_is(db, non-user) should have the proper diagnostics
ok 13 - schema_owner_is(schema, user, desc) should pass
ok 14 - schema_owner_is(schema, user, desc) should have the proper description
ok 15 - schema_owner_is(schema, user, desc) should have the proper diagnostics
ok 16 - schema_owner_is(schema, user) should pass
ok 17 - schema_owner_is(schema, user) should have the proper description
ok 18 - schema_owner_is(schema, user) should have the proper diagnostics
ok 19 - schema_owner_is(non-schema, user) should fail
ok 20 - schema_owner_is(non-schema, user) should have the proper description
ok 21 - schema_owner_is(non-schema, user) should have the proper diagnostics
ok 22 - schema_owner_is(schema, non-user) should fail
ok 23 - schema_owner_is(schema, non-user) should have the proper description
ok 24 - schema_owner_is(schema, non-user) should have the proper diagnostics
ok 25 - relation_owner_is(sch, tab, user, desc) should pass
ok 26 - relation_owner_is(sch, tab, user, desc) should have the proper description
ok 27 - relation_owner_is(sch, tab, user, desc) should have the proper diagnostics
ok 28 - relation_owner_is(sch, tab, user) should pass
ok 29 - relation_owner_is(sch, tab, user) should have the proper description
ok 30 - relation_owner_is(sch, tab, user) should have the proper diagnostics
ok 31 - relation_owner_is(non-sch, tab, user) should fail
ok 32 - relation_owner_is(non-sch, tab, user) should have the proper description
ok 33 - relation_owner_is(non-sch, tab, user) should have the proper diagnostics
ok 34 - relation_owner_is(sch, non-tab, user) should fail
ok 35 - relation_owner_is(sch, non-tab, user) should have the proper description
ok 36 - relation_owner_is(sch, non-tab, user) should have the proper diagnostics
ok 37 - relation_owner_is(tab, user, desc) should pass
ok 38 - relation_owner_is(tab, user, desc) should have the proper description
ok 39 - relation_owner_is(tab, user, desc) should have the proper diagnostics
ok 40 - relation_owner_is(tab, user) should pass
ok 41 - relation_owner_is(tab, user) should have the proper description
ok 42 - relation_owner_is(tab, user) should have the proper diagnostics
ok 43 - relation_owner_is(non-tab, user) should fail
ok 44 - relation_owner_is(non-tab, user) should have the proper description
ok 45 - relation_owner_is(non-tab, user) should have the proper diagnostics
ok 46 - relation_owner_is(sch, seq, user, desc) should pass
ok 47 - relation_owner_is(sch, seq, user, desc) should have the proper description
ok 48 - relation_owner_is(sch, seq, user, desc) should have the proper diagnostics
ok 49 - relation_owner_is(sch, seq, user) should pass
ok 50 - relation_owner_is(sch, seq, user) should have the proper description
ok 51 - relation_owner_is(sch, seq, user) should have the proper diagnostics
ok 52 - relation_owner_is(non-sch, seq, user) should fail
ok 53 - relation_owner_is(non-sch, seq, user) should have the proper description
ok 54 - relation_owner_is(non-sch, seq, user) should have the proper diagnostics
ok 55 - relation_owner_is(sch, non-seq, user) should fail
ok 56 - relation_owner_is(sch, non-seq, user) should have the proper description
ok 57 - relation_owner_is(sch, non-seq, user) should have the proper diagnostics
ok 58 - relation_owner_is(seq, user, desc) should pass
ok 59 - relation_owner_is(seq, user, desc) should have the proper description
ok 60 - relation_owner_is(seq, user, desc) should have the proper diagnostics
ok 61 - relation_owner_is(seq, user) should pass
ok 62 - relation_owner_is(seq, user) should have the proper description
ok 63 - relation_owner_is(seq, user) should have the proper diagnostics
ok 64 - relation_owner_is(non-seq, user) should fail
ok 65 - relation_owner_is(non-seq, user) should have the proper description
ok 66 - relation_owner_is(non-seq, user) should have the proper diagnostics
ok 67 - table_owner_is(sch, tab, user, desc) should pass
ok 68 - table_owner_is(sch, tab, user, desc) should have the proper description
ok 69 - table_owner_is(sch, tab, user, desc) should have the proper diagnostics
ok 70 - table_owner_is(sch, tab, user) should pass
ok 71 - table_owner_is(sch, tab, user) should have the proper description
ok 72 - table_owner_is(sch, tab, user) should have the proper diagnostics
ok 73 - table_owner_is(non-sch, tab, user) should fail
ok 74 - table_owner_is(non-sch, tab, user) should have the proper description
ok 75 - table_owner_is(non-sch, tab, user) should have the proper diagnostics
ok 76 - table_owner_is(sch, non-tab, user) should fail
ok 77 - table_owner_is(sch, non-tab, user) should have the proper description
ok 78 - table_owner_is(sch, non-tab, user) should have the proper diagnostics
ok 79 - table_owner_is(tab, user, desc) should pass
ok 80 - table_owner_is(tab, user, desc) should have the proper description
ok 81 - table_owner_is(tab, user, desc) should have the proper diagnostics
ok 82 - table_owner_is(tab, user) should pass
ok 83 - table_owner_is(tab, user) should have the proper description
ok 84 - table_owner_is(tab, user) should have the proper diagnostics
ok 85 - table_owner_is(non-tab, user) should fail
ok 86 - table_owner_is(non-tab, user) should have the proper description
ok 87 - table_owner_is(non-tab, user) should have the proper diagnostics
ok 88 - table_owner_is(sch, seq, user, desc) should fail
ok 89 - table_owner_is(sch, seq, user, desc) should have the proper description
ok 90 - table_owner_is(sch, seq, user, desc) should have the proper diagnostics
ok 91 - table_owner_is(seq, user, desc) should fail
ok 92 - table_owner_is(seq, user, desc) should have the proper description
ok 93 - table_owner_is(seq, user, desc) should have the proper diagnostics
ok 94 - view_owner_is(sch, view, user, desc) should pass
ok 95 - view_owner_is(sch, view, user, desc) should have the proper description
ok 96 - view_owner_is(sch, view, user, desc) should have the proper diagnostics
ok 97 - view_owner_is(sch, view, user) should pass
ok 98 - view_owner_is(sch, view, user) should have the proper description
ok 99 - view_owner_is(sch, view, user) should have the proper diagnostics
ok 100 - view_owner_is(non-sch, view, user) should fail
ok 101 - view_owner_is(non-sch, view, user) should have the proper description
ok 102 - view_owner_is(non-sch, view, user) should have the proper diagnostics
ok 103 - view_owner_is(sch, non-view, user) should fail
ok 104 - view_owner_is(sch, non-view, user) should have the proper description
ok 105 - view_owner_is(sch, non-view, user) should have the proper diagnostics
ok 106 - view_owner_is(view, user, desc) should pass
ok 107 - view_owner_is(view, user, desc) should have the proper description
ok 108 - view_owner_is(view, user, desc) should have the proper diagnostics
ok 109 - view_owner_is(view, user) should pass
ok 110 - view_owner_is(view, user) should have the proper description
ok 111 - view_owner_is(view, user) should have the proper diagnostics
ok 112 - view_owner_is(non-view, user) should fail
ok 113 - view_owner_is(non-view, user) should have the proper description
ok 114 - view_owner_is(non-view, user) should have the proper diagnostics
ok 115 - view_owner_is(sch, seq, user, desc) should fail
ok 116 - view_owner_is(sch, seq, user, desc) should have the proper description
ok 117 - view_owner_is(sch, seq, user, desc) should have the proper diagnostics
ok 118 - view_owner_is(seq, user, desc) should fail
ok 119 - view_owner_is(seq, user, desc) should have the proper description
ok 120 - view_owner_is(seq, user, desc) should have the proper diagnostics
ok 121 - sequence_owner_is(sch, sequence, user, desc) should pass
ok 122 - sequence_owner_is(sch, sequence, user, desc) should have the proper description
ok 123 - sequence_owner_is(sch, sequence, user, desc) should have the proper diagnostics
ok 124 - sequence_owner_is(sch, sequence, user) should pass
ok 125 - sequence_owner_is(sch, sequence, user) should have the proper description
ok 126 - sequence_owner_is(sch, sequence, user) should have the proper diagnostics
ok 127 - sequence_owner_is(non-sch, sequence, user) should fail
ok 128 - sequence_owner_is(non-sch, sequence, user) should have the proper description
ok 129 - sequence_owner_is(non-sch, sequence, user) should have the proper diagnostics
ok 130 - sequence_owner_is(sch, non-sequence, user) should fail
ok 131 - sequence_owner_is(sch, non-sequence, user) should have the proper description
ok 132 - sequence_owner_is(sch, non-sequence, user) should have the proper diagnostics
ok 133 - sequence_owner_is(sequence, user, desc) should pass
ok 134 - sequence_owner_is(sequence, user, desc) should have the proper description
ok 135 - sequence_owner_is(sequence, user, desc) should have the proper diagnostics
ok 136 - sequence_owner_is(sequence, user) should pass
ok 137 - sequence_owner_is(sequence, user) should have the proper description
ok 138 - sequence_owner_is(sequence, user) should have the proper diagnostics
ok 139 - sequence_owner_is(non-sequence, user) should fail
ok 140 - sequence_owner_is(non-sequence, user) should have the proper description
ok 141 - sequence_owner_is(non-sequence, user) should have the proper diagnostics
ok 142 - sequence_owner_is(sch, view, user, desc) should fail
ok 143 - sequence_owner_is(sch, view, user, desc) should have the proper description
ok 144 - sequence_owner_is(sch, view, user, desc) should have the proper diagnostics
ok 145 - sequence_owner_is(view, user, desc) should fail
ok 146 - sequence_owner_is(view, user, desc) should have the proper description
ok 147 - sequence_owner_is(view, user, desc) should have the proper diagnostics
ok 148 - composite_owner_is(sch, composite, user, desc) should pass
ok 149 - composite_owner_is(sch, composite, user, desc) should have the proper description
ok 150 - composite_owner_is(sch, composite, user, desc) should have the proper diagnostics
ok 151 - composite_owner_is(sch, composite, user) should pass
ok 152 - composite_owner_is(sch, composite, user) should have the proper description
ok 153 - composite_owner_is(sch, composite, user) should have the proper diagnostics
ok 154 - composite_owner_is(non-sch, composite, user) should fail
ok 155 - composite_owner_is(non-sch, composite, user) should have the proper description
ok 156 - composite_owner_is(non-sch, composite, user) should have the proper diagnostics
ok 157 - composite_owner_is(sch, non-composite, user) should fail
ok 158 - composite_owner_is(sch, non-composite, user) should have the proper description
ok 159 - composite_owner_is(sch, non-composite, user) should have the proper diagnostics
ok 160 - composite_owner_is(composite, user, desc) should pass
ok 161 - composite_owner_is(composite, user, desc) should have the proper description
ok 162 - composite_owner_is(composite, user, desc) should have the proper diagnostics
ok 163 - composite_owner_is(composite, user) should pass
ok 164 - composite_owner_is(composite, user) should have the proper description
ok 165 - composite_owner_is(composite, user) should have the proper diagnostics
ok 166 - composite_owner_is(non-composite, user) should fail
ok 167 - composite_owner_is(non-composite, user) should have the proper description
ok 168 - composite_owner_is(non-composite, user) should have the proper diagnostics
ok 169 - composite_owner_is(sch, view, user, desc) should fail
ok 170 - composite_owner_is(sch, view, user, desc) should have the proper description
ok 171 - composite_owner_is(sch, view, user, desc) should have the proper diagnostics
ok 172 - composite_owner_is(view, user, desc) should fail
ok 173 - composite_owner_is(view, user, desc) should have the proper description
ok 174 - composite_owner_is(view, user, desc) should have the proper diagnostics
ok 175 - foreign_table_owner_is(sch, tab, user, desc) should pass
ok 176 - foreign_table_owner_is(sch, tab, user, desc) should have the proper description
ok 177 - foreign_table_owner_is(sch, tab, user, desc) should have the proper diagnostics
ok 178 - foreign_table_owner_is(sch, tab, user) should pass
ok 179 - foreign_table_owner_is(sch, tab, user) should have the proper description
ok 180 - foreign_table_owner_is(sch, tab, user) should have the proper diagnostics
ok 181 - foreign_table_owner_is(non-sch, tab, user) should fail
ok 182 - foreign_table_owner_is(non-sch, tab, user) should have the proper description
ok 183 - foreign_table_owner_is(non-sch, tab, user) should have the proper diagnostics
ok 184 - foreign_table_owner_is(sch, non-tab, user) should fail
ok 185 - foreign_table_owner_is(sch, non-tab, user) should have the proper description
ok 186 - foreign_table_owner_is(sch, non-tab, user) should have the proper diagnostics
ok 187 - foreign_table_owner_is(tab, user, desc) should pass
ok 188 - foreign_table_owner_is(tab, user, desc) should have the proper description
ok 189 - foreign_table_owner_is(tab, user, desc) should have the proper diagnostics
ok 190 - foreign_table_owner_is(tab, user) should pass
ok 191 - foreign_table_owner_is(tab, user) should have the proper description
ok 192 - foreign_table_owner_is(tab, user) should have the proper diagnostics
ok 193 - foreign_table_owner_is(non-tab, user) should fail
ok 194 - foreign_table_owner_is(non-tab, user) should have the proper description
ok 195 - foreign_table_owner_is(non-tab, user) should have the proper diagnostics
ok 196 - foreign_table_owner_is(sch, tab, user, desc) should fail
ok 197 - foreign_table_owner_is(sch, tab, user, desc) should have the proper description
ok 198 - foreign_table_owner_is(sch, tab, user, desc) should have the proper diagnostics
ok 199 - foreign_table_owner_is(tab, user, desc) should fail
ok 200 - foreign_table_owner_is(tab, user, desc) should have the proper description
ok 201 - foreign_table_owner_is(tab, user, desc) should have the proper diagnostics
ok 202 - function_owner_is(sch, function, args[integer], user, desc) should pass
ok 203 - function_owner_is(sch, function, args[integer], user, desc) should have the proper description
ok 204 - function_owner_is(sch, function, args[integer], user, desc) should have the proper diagnostics
ok 205 - function_owner_is(sch, function, args[integer], user) should pass
ok 206 - function_owner_is(sch, function, args[integer], user) should have the proper description
ok 207 - function_owner_is(sch, function, args[integer], user) should have the proper diagnostics
ok 208 - function_owner_is(sch, function, args[], user, desc) should pass
ok 209 - function_owner_is(sch, function, args[], user, desc) should have the proper description
ok 210 - function_owner_is(sch, function, args[], user, desc) should have the proper diagnostics
ok 211 - function_owner_is(sch, function, args[], user) should pass
ok 212 - function_owner_is(sch, function, args[], user) should have the proper description
ok 213 - function_owner_is(sch, function, args[], user) should have the proper diagnostics
ok 214 - function_owner_is(function, args[integer], user, desc) should pass
ok 215 - function_owner_is(function, args[integer], user, desc) should have the proper description
ok 216 - function_owner_is(function, args[integer], user, desc) should have the proper diagnostics
ok 217 - function_owner_is(function, args[integer], user) should pass
ok 218 - function_owner_is(function, args[integer], user) should have the proper description
ok 219 - function_owner_is(function, args[integer], user) should have the proper diagnostics
ok 220 - function_owner_is(function, args[], user, desc) should pass
ok 221 - function_owner_is(function, args[], user, desc) should have the proper description
ok 222 - function_owner_is(function, args[], user, desc) should have the proper diagnostics
ok 223 - function_owner_is(function, args[], user) should pass
ok 224 - function_owner_is(function, args[], user) should have the proper description
ok 225 - function_owner_is(function, args[], user) should have the proper diagnostics
ok 226 - function_owner_is(sch, non-function, args[integer], user, desc) should fail
ok 227 - function_owner_is(sch, non-function, args[integer], user, desc) should have the proper description
ok 228 - function_owner_is(sch, non-function, args[integer], user, desc) should have the proper diagnostics
ok 229 - function_owner_is(non-sch, function, args[integer], user, desc) should fail
ok 230 - function_owner_is(non-sch, function, args[integer], user, desc) should have the proper description
ok 231 - function_owner_is(non-sch, function, args[integer], user, desc) should have the proper diagnostics
ok 232 - function_owner_is(non-function, args[integer], user, desc) should fail
ok 233 - function_owner_is(non-function, args[integer], user, desc) should have the proper description
ok 234 - function_owner_is(non-function, args[integer], user, desc) should have the proper diagnostics
ok 235 - function_owner_is(sch, function, args[integer], non-user, desc) should fail
ok 236 - function_owner_is(sch, function, args[integer], non-user, desc) should have the proper description
ok 237 - function_owner_is(sch, function, args[integer], non-user, desc) should have the proper diagnostics
ok 238 - function_owner_is(function, args[integer], non-user, desc) should fail
ok 239 - function_owner_is(function, args[integer], non-user, desc) should have the proper description
ok 240 - function_owner_is(function, args[integer], non-user, desc) should have the proper diagnostics
ok 241 - tablespace_owner_is(tablespace, user, desc) should pass
ok 242 - tablespace_owner_is(tablespace, user, desc) should have the proper description
ok 243 - tablespace_owner_is(tablespace, user, desc) should have the proper diagnostics
ok 244 - tablespace_owner_is(tablespace, user) should pass
ok 245 - tablespace_owner_is(tablespace, user) should have the proper description
ok 246 - tablespace_owner_is(tablespace, user) should have the proper diagnostics
ok 247 - tablespace_owner_is(non-tablespace, user) should fail
ok 248 - tablespace_owner_is(non-tablespace, user) should have the proper description
ok 249 - tablespace_owner_is(non-tablespace, user) should have the proper diagnostics
ok 250 - tablespace_owner_is(tablespace, non-user) should fail
ok 251 - tablespace_owner_is(tablespace, non-user) should have the proper description
ok 252 - tablespace_owner_is(tablespace, non-user) should have the proper diagnostics
ok 253 - index_owner_is(schema, table, index, user, desc) should pass
ok 254 - index_owner_is(schema, table, index, user, desc) should have the proper description
ok 255 - index_owner_is(schema, table, index, user, desc) should have the proper diagnostics
ok 256 - index_owner_is(schema, table, index, user) should pass
ok 257 - index_owner_is(schema, table, index, user) should have the proper description
ok 258 - index_owner_is(schema, table, index, user) should have the proper diagnostics
ok 259 - index_owner_is(schema, table, non-index, user, desc) should fail
ok 260 - index_owner_is(schema, table, non-index, user, desc) should have the proper description
ok 261 - index_owner_is(schema, table, non-index, user, desc) should have the proper diagnostics
ok 262 - index_owner_is(schema, non-table, index, user, desc) should fail
ok 263 - index_owner_is(schema, non-table, index, user, desc) should have the proper description
ok 264 - index_owner_is(schema, non-table, index, user, desc) should have the proper diagnostics
ok 265 - index_owner_is(non-schema, table, index, user, desc) should fail
ok 266 - index_owner_is(non-schema, table, index, user, desc) should have the proper description
ok 267 - index_owner_is(non-schema, table, index, user, desc) should have the proper diagnostics
ok 268 - index_owner_is(schema, table, index, non-user, desc) should fail
ok 269 - index_owner_is(schema, table, index, non-user, desc) should have the proper description
ok 270 - index_owner_is(schema, table, index, non-user, desc) should have the proper diagnostics
ok 271 - index_owner_is(invisible-table, index, user, desc) should fail
ok 272 - index_owner_is(invisible-table, index, user, desc) should have the proper description
ok 273 - index_owner_is(invisible-table, index, user, desc) should have the proper diagnostics
ok 274 - index_owner_is(table, index, user, desc) should pass
ok 275 - index_owner_is(table, index, user, desc) should have the proper description
ok 276 - index_owner_is(table, index, user, desc) should have the proper diagnostics
ok 277 - index_owner_is(table, index, user) should pass
ok 278 - index_owner_is(table, index, user) should have the proper description
ok 279 - index_owner_is(table, index, user) should have the proper diagnostics
ok 280 - index_owner_is(non-table, index, user) should fail
ok 281 - index_owner_is(non-table, index, user) should have the proper description
ok 282 - index_owner_is(non-table, index, user) should have the proper diagnostics
ok 283 - index_owner_is(table, non-index, user) should fail
ok 284 - index_owner_is(table, non-index, user) should have the proper description
ok 285 - index_owner_is(table, non-index, user) should have the proper diagnostics
ok 286 - index_owner_is(table, index, non-user) should fail
ok 287 - index_owner_is(table, index, non-user) should have the proper description
ok 288 - index_owner_is(table, index, non-user) should have the proper diagnostics
ok 289 - language_owner_is(language, user, desc) should pass
ok 290 - language_owner_is(language, user, desc) should have the proper description
ok 291 - language_owner_is(language, user, desc) should have the proper diagnostics
ok 292 - language_owner_is(language, user) should pass
ok 293 - language_owner_is(language, user) should have the proper description
ok 294 - language_owner_is(language, user) should have the proper diagnostics
ok 295 - language_owner_is(non-language, user) should fail
ok 296 - language_owner_is(non-language, user) should have the proper description
ok 297 - language_owner_is(non-language, user) should have the proper diagnostics
ok 298 - language_owner_is(language, non-user) should fail
ok 299 - language_owner_is(language, non-user) should have the proper description
ok 300 - language_owner_is(language, non-user) should have the proper diagnostics
ok 301 - opclass_owner_is(schema, opclass, user, desc) should pass
ok 302 - opclass_owner_is(schema, opclass, user, desc) should have the proper description
ok 303 - opclass_owner_is(schema, opclass, user, desc) should have the proper diagnostics
ok 304 - opclass_owner_is(schema, opclass, user) should pass
ok 305 - opclass_owner_is(schema, opclass, user) should have the proper description
ok 306 - opclass_owner_is(schema, opclass, user) should have the proper diagnostics
ok 307 - opclass_owner_is(non-schema, opclass, user, desc) should fail
ok 308 - opclass_owner_is(non-schema, opclass, user, desc) should have the proper description
ok 309 - opclass_owner_is(non-schema, opclass, user, desc) should have the proper diagnostics
ok 310 - opclass_owner_is(schema, not-opclass, user, desc) should fail
ok 311 - opclass_owner_is(schema, not-opclass, user, desc) should have the proper description
ok 312 - opclass_owner_is(schema, not-opclass, user, desc) should have the proper diagnostics
ok 313 - opclass_owner_is(schema, opclass, non-user, desc) should fail
ok 314 - opclass_owner_is(schema, opclass, non-user, desc) should have the proper description
ok 315 - opclass_owner_is(schema, opclass, non-user, desc) should have the proper diagnostics
ok 316 - opclass_owner_is(opclass, user, desc) should pass
ok 317 - opclass_owner_is(opclass, user, desc) should have the proper description
ok 318 - opclass_owner_is(opclass, user, desc) should have the proper diagnostics
ok 319 - opclass_owner_is(opclass, user) should pass
ok 320 - opclass_owner_is(opclass, user) should have the proper description
ok 321 - opclass_owner_is(opclass, user) should have the proper diagnostics
ok 322 - opclass_owner_is(non-opclass, user, desc) should fail
ok 323 - opclass_owner_is(non-opclass, user, desc) should have the proper description
ok 324 - opclass_owner_is(non-opclass, user, desc) should have the proper diagnostics
ok 325 - opclass_owner_is(opclass, non-user, desc) should fail
ok 326 - opclass_owner_is(opclass, non-user, desc) should have the proper description
ok 327 - opclass_owner_is(opclass, non-user, desc) should have the proper diagnostics
ok 328 - type_owner_is(schema, type, user, desc) should pass
ok 329 - type_owner_is(schema, type, user, desc) should have the proper description
ok 330 - type_owner_is(schema, type, user, desc) should have the proper diagnostics
ok 331 - type_owner_is(schema, type, user) should pass
ok 332 - type_owner_is(schema, type, user) should have the proper description
ok 333 - type_owner_is(schema, type, user) should have the proper diagnostics
ok 334 - type_owner_is(non-schema, type, user, desc) should fail
ok 335 - type_owner_is(non-schema, type, user, desc) should have the proper description
ok 336 - type_owner_is(non-schema, type, user, desc) should have the proper diagnostics
ok 337 - type_owner_is(schema, non-type, user, desc) should fail
ok 338 - type_owner_is(schema, non-type, user, desc) should have the proper description
ok 339 - type_owner_is(schema, non-type, user, desc) should have the proper diagnostics
ok 340 - type_owner_is(schema, type, non-user, desc) should fail
ok 341 - type_owner_is(schema, type, non-user, desc) should have the proper description
ok 342 - type_owner_is(schema, type, non-user, desc) should have the proper diagnostics
ok 343 - type_owner_is( invisible-type, user, desc) should fail
ok 344 - type_owner_is( invisible-type, user, desc) should have the proper description
ok 345 - type_owner_is( invisible-type, user, desc) should have the proper diagnostics
ok 346 - type_owner_is(type, user, desc) should pass
ok 347 - type_owner_is(type, user, desc) should have the proper description
ok 348 - type_owner_is(type, user, desc) should have the proper diagnostics
ok 349 - type_owner_is(type, user) should pass
ok 350 - type_owner_is(type, user) should have the proper description
ok 351 - type_owner_is(type, user) should have the proper diagnostics
ok 352 - type_owner_is(non-type, user, desc) should fail
ok 353 - type_owner_is(non-type, user, desc) should have the proper description
ok 354 - type_owner_is(non-type, user, desc) should have the proper diagnostics
ok 355 - type_owner_is(type, non-user, desc) should fail
ok 356 - type_owner_is(type, non-user, desc) should have the proper description
ok 357 - type_owner_is(type, non-user, desc) should have the proper diagnostics
ok 358 - materialized_view_owner_is(sch, materialized_view, user, desc) should pass
ok 359 - materialized_view_owner_is(sch, materialized_view, user, desc) should have the proper description
ok 360 - materialized_view_owner_is(sch, materialized_view, user, desc) should have the proper diagnostics
ok 361 - materialized_view_owner_is(sch, materialized_view, user) should pass
ok 362 - materialized_view_owner_is(sch, materialized_view, user) should have the proper description
ok 363 - materialized_view_owner_is(sch, materialized_view, user) should have the proper diagnostics
ok 364 - materialized_view_owner_is(non-sch, materialized_view, user) should fail
ok 365 - materialized_view_owner_is(non-sch, materialized_view, user) should have the proper description
ok 366 - materialized_view_owner_is(non-sch, materialized_view, user) should have the proper diagnostics
ok 367 - materialized_view_owner_is(sch, non-materialized_view, user) should fail
ok 368 - materialized_view_owner_is(sch, non-materialized_view, user) should have the proper description
ok 369 - materialized_view_owner_is(sch, non-materialized_view, user) should have the proper diagnostics
ok 370 - materialized_view_owner_is(materialized_view, user, desc) should pass
ok 371 - materialized_view_owner_is(materialized_view, user, desc) should have the proper description
ok 372 - materialized_view_owner_is(materialized_view, user, desc) should have the proper diagnostics
ok 373 - materialized_view_owner_is(view, user) should pass
ok 374 - materialized_view_owner_is(view, user) should have the proper description
ok 375 - materialized_view_owner_is(view, user) should have the proper diagnostics
ok 376 - materialized_view_owner_is(non-materialized_view, user) should fail
ok 377 - materialized_view_owner_is(non-materialized_view, user) should have the proper description
ok 378 - materialized_view_owner_is(non-materialized_view, user) should have the proper diagnostics
ok 379 - materialized_view_owner_is(sch, seq, user, desc) should fail
ok 380 - materialized_view_owner_is(sch, seq, user, desc) should have the proper description
ok 381 - materialized_view_owner_is(sch, seq, user, desc) should have the proper diagnostics
ok 382 - materialized_view_owner_is(seq, user, desc) should fail
ok 383 - materialized_view_owner_is(seq, user, desc) should have the proper description
ok 384 - materialized_view_owner_is(seq, user, desc) should have the proper diagnostics
